
=== RUN   TestJoinLeave5B
Test (5B): join then leave ...
  ... Passed
--- PASS: TestJoinLeave5B (1.87s)
=== RUN   TestSnapshot5B
Test (5B): snapshots, join, and leave ...
  ... Passed
--- PASS: TestSnapshot5B (4.41s)
=== RUN   TestMissChange5B
Test (5B): servers miss configuration changes...
  ... Passed
--- PASS: TestMissChange5B (8.06s)
=== RUN   TestConcurrent1_5B
Test (5B): concurrent puts and configuration changes...
  ... Passed
--- PASS: TestConcurrent1_5B (4.08s)
=== RUN   TestConcurrent2_5B
Test (5B): more concurrent puts and configuration changes...
  ... Passed
--- PASS: TestConcurrent2_5B (13.49s)
=== RUN   TestConcurrent3_5B
Test (5B): concurrent configuration change and restart...
  ... Passed
--- PASS: TestConcurrent3_5B (20.74s)
=== RUN   TestUnreliable1_5B
Test (5B): unreliable 1...
  ... Passed
--- PASS: TestUnreliable1_5B (7.89s)
=== RUN   TestUnreliable2_5B
Test (5B): unreliable 2...
  ... Passed
--- PASS: TestUnreliable2_5B (7.38s)
=== RUN   TestUnreliable3_5B
Test (5B): unreliable 3...
  ... Passed
--- PASS: TestUnreliable3_5B (7.08s)
PASS
ok  	6.5840/shardkv	76.096s
