
=== RUN   TestBasic4A
Test: one client (4A) ...
  ... Passed --  15.1  5  7806 1315
--- PASS: TestBasic4A (15.10s)
=== RUN   TestSpeed4A
Test: ops complete fast enough (4A) ...
  ... Passed --   7.5  3  3344    0
--- PASS: TestSpeed4A (7.54s)
=== RUN   TestConcurrent4A
Test: many clients (4A) ...
  ... Passed --  15.6  5  9090 1533
--- PASS: TestConcurrent4A (15.59s)
=== RUN   TestUnreliable4A
Test: unreliable net, many clients (4A) ...
  ... Passed --  16.0  5  8854 1294
--- PASS: TestUnreliable4A (15.97s)
=== RUN   TestUnreliableOneKey4A
Test: concurrent append to same key, unreliable (4A) ...
  ... Passed --   0.9  3   239   52
--- PASS: TestUnreliableOneKey4A (0.91s)
=== RUN   TestOnePartition4A
Test: progress in majority (4A) ...
  ... Passed --   0.3  5    62    2
Test: no progress in minority (4A) ...
  ... Passed --   1.0  5   187    3
Test: completion after heal (4A) ...
  ... Passed --   1.0  5   103    3
--- PASS: TestOnePartition4A (2.69s)
=== RUN   TestManyPartitionsOneClient4A
Test: partitions, one client (4A) ...
  ... Passed --  22.3  5  7375 1110
--- PASS: TestManyPartitionsOneClient4A (22.33s)
=== RUN   TestManyPartitionsManyClients4A
Test: partitions, many clients (4A) ...
  ... Passed --  22.7  5 10339 1516
--- PASS: TestManyPartitionsManyClients4A (22.68s)
=== RUN   TestPersistOneClient4A
Test: restarts, one client (4A) ...
  ... Passed --  19.5  5  8560 1385
--- PASS: TestPersistOneClient4A (19.51s)
=== RUN   TestPersistConcurrent4A
Test: restarts, many clients (4A) ...
  ... Passed --  19.9  5 10831 1554
--- PASS: TestPersistConcurrent4A (19.94s)
=== RUN   TestPersistConcurrentUnreliable4A
Test: unreliable net, restarts, many clients (4A) ...
  ... Passed --  20.6  5  9752 1331
--- PASS: TestPersistConcurrentUnreliable4A (20.62s)
=== RUN   TestPersistPartition4A
Test: restarts, partitions, many clients (4A) ...
  ... Passed --  27.2  5 10805 1535
--- PASS: TestPersistPartition4A (27.15s)
=== RUN   TestPersistPartitionUnreliable4A
Test: unreliable net, restarts, partitions, many clients (4A) ...
  ... Passed --  27.9  5  8646 1035
--- PASS: TestPersistPartitionUnreliable4A (27.95s)
=== RUN   TestPersistPartitionUnreliableLinearizable4A
Test: unreliable net, restarts, partitions, random keys, many clients (4A) ...
  ... Passed --  29.7  7 19397 1419
--- PASS: TestPersistPartitionUnreliableLinearizable4A (29.68s)
=== RUN   TestSnapshotRPC4B
Test: InstallSnapshot RPC (4B) ...
  ... Passed --   2.8  3   353   63
--- PASS: TestSnapshotRPC4B (2.83s)
=== RUN   TestSnapshotSize4B
Test: snapshot size is reasonable (4B) ...
  ... Passed --   1.4  3  2500  800
--- PASS: TestSnapshotSize4B (1.40s)
=== RUN   TestSpeed4B
Test: ops complete fast enough (4B) ...
  ... Passed --   1.6  3  3113    0
--- PASS: TestSpeed4B (1.63s)
=== RUN   TestSnapshotRecover4B
Test: restarts, snapshots, one client (4B) ...
  ... Passed --  19.5  5 53805 10422
--- PASS: TestSnapshotRecover4B (19.46s)
=== RUN   TestSnapshotRecoverManyClients4B
Test: restarts, snapshots, many clients (4B) ...
  ... Passed --  19.3  5 72436 12734
--- PASS: TestSnapshotRecoverManyClients4B (19.30s)
=== RUN   TestSnapshotUnreliable4B
Test: unreliable net, snapshots, many clients (4B) ...
  ... Passed --  15.6  5 12049 1852
--- PASS: TestSnapshotUnreliable4B (15.61s)
=== RUN   TestSnapshotUnreliableRecover4B
Test: unreliable net, restarts, snapshots, many clients (4B) ...
  ... Passed --  20.7  5 13015 1885
--- PASS: TestSnapshotUnreliableRecover4B (20.65s)
=== RUN   TestSnapshotUnreliableRecoverConcurrentPartition4B
Test: unreliable net, restarts, partitions, snapshots, many clients (4B) ...
  ... Passed --  27.4  5  9816 1227
--- PASS: TestSnapshotUnreliableRecoverConcurrentPartition4B (27.36s)
=== RUN   TestSnapshotUnreliableRecoverConcurrentPartitionLinearizable4B
Test: unreliable net, restarts, partitions, snapshots, random keys, many clients (4B) ...
  ... Passed --  29.5  7 39276 4309
--- PASS: TestSnapshotUnreliableRecoverConcurrentPartitionLinearizable4B (29.54s)
PASS
ok  	6.5840/kvraft	386.494s
