
=== RUN   TestSnapshotRPC4B
Test: InstallSnapshot RPC (4B) ...
  ... Passed --   4.4  3  2219   63
--- PASS: TestSnapshotRPC4B (4.43s)
=== RUN   TestSnapshotSize4B
Test: snapshot size is reasonable (4B) ...
  ... Passed --  25.2  3  4754  800
--- PASS: TestSnapshotSize4B (25.16s)
=== RUN   TestSpeed4B
Test: ops complete fast enough (4B) ...
  ... Passed --  31.1  3  4583    0
--- PASS: TestSpeed4B (31.15s)
=== RUN   TestSnapshotRecover4B
Test: restarts, snapshots, one client (4B) ...
  ... Passed --  19.3  5  8793  484
--- PASS: TestSnapshotRecover4B (19.33s)
=== RUN   TestSnapshotRecoverManyClients4B
Test: restarts, snapshots, many clients (4B) ...
2025/03/03 22:54:16 [server 0] Snapshot(): index 2980 <= rf.lastIncludedIndex 2980
2025/03/03 22:54:16 [server 1] Snapshot(): index 2960 <= rf.lastIncludedIndex 2960
2025/03/03 22:54:16 [server 2] Snapshot(): index 3020 <= rf.lastIncludedIndex 3020
2025/03/03 22:54:16 [server 3] Snapshot(): index 2980 <= rf.lastIncludedIndex 2980
2025/03/03 22:54:16 [server 4] Snapshot(): index 2980 <= rf.lastIncludedIndex 2980
2025/03/03 22:54:16 [server 0] Snapshot(): index 2980 <= rf.lastIncludedIndex 2980
2025/03/03 22:54:16 [server 1] Snapshot(): index 2960 <= rf.lastIncludedIndex 2960
2025/03/03 22:54:16 [server 3] Snapshot(): index 2980 <= rf.lastIncludedIndex 2980
2025/03/03 22:54:16 [server 2] Snapshot(): index 3020 <= rf.lastIncludedIndex 3020
2025/03/03 22:54:16 [server 4] Snapshot(): index 2980 <= rf.lastIncludedIndex 2980
2025/03/03 22:54:17 [server 0] Snapshot(): index 2980 <= rf.lastIncludedIndex 2980
2025/03/03 22:54:17 [server 1] Snapshot(): index 2960 <= rf.lastIncludedIndex 2960
2025/03/03 22:54:17 [server 3] Snapshot(): index 2980 <= rf.lastIncludedIndex 2980
2025/03/03 22:54:17 [server 2] Snapshot(): index 3020 <= rf.lastIncludedIndex 3020
2025/03/03 22:54:17 [server 4] Snapshot(): index 2980 <= rf.lastIncludedIndex 2980
2025/03/03 22:54:17 [server 0] Snapshot(): index 2980 <= rf.lastIncludedIndex 2980
2025/03/03 22:54:17 [server 1] Snapshot(): index 2960 <= rf.lastIncludedIndex 2960
2025/03/03 22:54:17 [server 3] Snapshot(): index 2980 <= rf.lastIncludedIndex 2980
2025/03/03 22:54:17 [server 2] Snapshot(): index 3020 <= rf.lastIncludedIndex 3020
2025/03/03 22:54:17 [server 4] Snapshot(): index 2980 <= rf.lastIncludedIndex 2980
2025/03/03 22:54:17 [server 0] Snapshot(): index 2980 <= rf.lastIncludedIndex 2980
2025/03/03 22:54:17 [server 1] Snapshot(): index 2960 <= rf.lastIncludedIndex 2960
2025/03/03 22:54:17 [server 3] Snapshot(): index 2980 <= rf.lastIncludedIndex 2980
2025/03/03 22:54:17 [server 2] Snapshot(): index 3020 <= rf.lastIncludedIndex 3020
2025/03/03 22:54:17 [server 4] Snapshot(): index 2980 <= rf.lastIncludedIndex 2980
2025/03/03 22:54:23 [server 0] Snapshot(): index 6260 <= rf.lastIncludedIndex 6260
2025/03/03 22:54:23 [server 1] Snapshot(): index 6280 <= rf.lastIncludedIndex 6280
2025/03/03 22:54:23 [server 2] Snapshot(): index 6320 <= rf.lastIncludedIndex 6320
2025/03/03 22:54:23 [server 3] Snapshot(): index 6280 <= rf.lastIncludedIndex 6280
2025/03/03 22:54:23 [server 4] Snapshot(): index 6280 <= rf.lastIncludedIndex 6280
2025/03/03 22:54:23 [server 0] Snapshot(): index 6260 <= rf.lastIncludedIndex 6260
2025/03/03 22:54:23 [server 1] Snapshot(): index 6280 <= rf.lastIncludedIndex 6280
2025/03/03 22:54:23 [server 2] Snapshot(): index 6320 <= rf.lastIncludedIndex 6320
2025/03/03 22:54:23 [server 3] Snapshot(): index 6280 <= rf.lastIncludedIndex 6280
2025/03/03 22:54:23 [server 4] Snapshot(): index 6280 <= rf.lastIncludedIndex 6280
2025/03/03 22:54:24 [server 0] Snapshot(): index 6260 <= rf.lastIncludedIndex 6260
2025/03/03 22:54:24 [server 1] Snapshot(): index 6280 <= rf.lastIncludedIndex 6280
2025/03/03 22:54:24 [server 2] Snapshot(): index 6320 <= rf.lastIncludedIndex 6320
2025/03/03 22:54:24 [server 4] Snapshot(): index 6280 <= rf.lastIncludedIndex 6280
2025/03/03 22:54:24 [server 3] Snapshot(): index 6280 <= rf.lastIncludedIndex 6280
2025/03/03 22:54:24 [server 0] Snapshot(): index 6260 <= rf.lastIncludedIndex 6260
2025/03/03 22:54:24 [server 2] Snapshot(): index 6320 <= rf.lastIncludedIndex 6320
2025/03/03 22:54:24 [server 3] Snapshot(): index 6280 <= rf.lastIncludedIndex 6280
2025/03/03 22:54:24 [server 4] Snapshot(): index 6280 <= rf.lastIncludedIndex 6280
2025/03/03 22:54:24 [server 1] Snapshot(): index 6280 <= rf.lastIncludedIndex 6280
2025/03/03 22:54:30 [server 0] Snapshot(): index 9580 <= rf.lastIncludedIndex 9580
2025/03/03 22:54:30 [server 1] Snapshot(): index 9600 <= rf.lastIncludedIndex 9600
2025/03/03 22:54:30 [server 2] Snapshot(): index 9600 <= rf.lastIncludedIndex 9600
2025/03/03 22:54:30 [server 4] Snapshot(): index 9600 <= rf.lastIncludedIndex 9600
2025/03/03 22:54:30 [server 3] Snapshot(): index 9600 <= rf.lastIncludedIndex 9600
2025/03/03 22:54:30 [server 1] Snapshot(): index 9600 <= rf.lastIncludedIndex 9600
2025/03/03 22:54:30 [server 0] Snapshot(): index 9580 <= rf.lastIncludedIndex 9580
2025/03/03 22:54:30 [server 2] Snapshot(): index 9600 <= rf.lastIncludedIndex 9600
2025/03/03 22:54:30 [server 4] Snapshot(): index 9600 <= rf.lastIncludedIndex 9600
2025/03/03 22:54:30 [server 3] Snapshot(): index 9600 <= rf.lastIncludedIndex 9600
2025/03/03 22:54:31 [server 0] Snapshot(): index 9580 <= rf.lastIncludedIndex 9580
2025/03/03 22:54:31 [server 1] Snapshot(): index 9600 <= rf.lastIncludedIndex 9600
2025/03/03 22:54:31 [server 2] Snapshot(): index 9600 <= rf.lastIncludedIndex 9600
2025/03/03 22:54:31 [server 4] Snapshot(): index 9600 <= rf.lastIncludedIndex 9600
2025/03/03 22:54:31 [server 3] Snapshot(): index 9600 <= rf.lastIncludedIndex 9600
2025/03/03 22:54:31 [server 0] Snapshot(): index 9580 <= rf.lastIncludedIndex 9580
2025/03/03 22:54:31 [server 1] Snapshot(): index 9600 <= rf.lastIncludedIndex 9600
2025/03/03 22:54:31 [server 2] Snapshot(): index 9600 <= rf.lastIncludedIndex 9600
2025/03/03 22:54:31 [server 4] Snapshot(): index 9600 <= rf.lastIncludedIndex 9600
2025/03/03 22:54:31 [server 3] Snapshot(): index 9600 <= rf.lastIncludedIndex 9600
2025/03/03 22:54:31 [server 1] Snapshot(): index 9600 <= rf.lastIncludedIndex 9600
2025/03/03 22:54:31 [server 4] Snapshot(): index 9600 <= rf.lastIncludedIndex 9600
2025/03/03 22:54:31 [server 3] Snapshot(): index 9600 <= rf.lastIncludedIndex 9600
  ... Passed --  21.0  5 34667 9635
--- PASS: TestSnapshotRecoverManyClients4B (21.04s)
=== RUN   TestSnapshotUnreliable4B
Test: unreliable net, snapshots, many clients (4B) ...
  ... Passed --  15.8  5  4488 1354
--- PASS: TestSnapshotUnreliable4B (15.82s)
=== RUN   TestSnapshotUnreliableRecover4B
Test: unreliable net, restarts, snapshots, many clients (4B) ...
2025/03/03 22:54:53 [server 0] Snapshot(): index 383 <= rf.lastIncludedIndex 383
2025/03/03 22:54:53 [server 2] Snapshot(): index 383 <= rf.lastIncludedIndex 383
2025/03/03 22:54:53 [server 3] Snapshot(): index 383 <= rf.lastIncludedIndex 383
2025/03/03 22:54:53 [server 4] Snapshot(): index 383 <= rf.lastIncludedIndex 383
2025/03/03 22:54:53 [server 0] Snapshot(): index 383 <= rf.lastIncludedIndex 383
2025/03/03 22:54:53 [server 2] Snapshot(): index 383 <= rf.lastIncludedIndex 383
2025/03/03 22:54:53 [server 3] Snapshot(): index 383 <= rf.lastIncludedIndex 383
2025/03/03 22:54:53 [server 4] Snapshot(): index 383 <= rf.lastIncludedIndex 383
2025/03/03 22:54:53 [server 3] Snapshot(): index 383 <= rf.lastIncludedIndex 383
2025/03/03 22:54:53 [server 0] Snapshot(): index 383 <= rf.lastIncludedIndex 383
2025/03/03 22:54:53 [server 2] Snapshot(): index 383 <= rf.lastIncludedIndex 383
2025/03/03 22:54:53 [server 4] Snapshot(): index 383 <= rf.lastIncludedIndex 383
2025/03/03 22:54:53 [server 3] Snapshot(): index 383 <= rf.lastIncludedIndex 383
2025/03/03 22:54:53 [server 0] Snapshot(): index 383 <= rf.lastIncludedIndex 383
2025/03/03 22:54:53 [server 2] Snapshot(): index 383 <= rf.lastIncludedIndex 383
2025/03/03 22:54:53 [server 4] Snapshot(): index 383 <= rf.lastIncludedIndex 383
2025/03/03 22:54:54 [server 3] Snapshot(): index 383 <= rf.lastIncludedIndex 383
2025/03/03 22:54:54 [server 0] Snapshot(): index 383 <= rf.lastIncludedIndex 383
2025/03/03 22:54:54 [server 2] Snapshot(): index 383 <= rf.lastIncludedIndex 383
2025/03/03 22:54:54 [server 4] Snapshot(): index 383 <= rf.lastIncludedIndex 383
2025/03/03 22:54:54 [server 0] Snapshot(): index 383 <= rf.lastIncludedIndex 383
2025/03/03 22:54:54 [server 2] Snapshot(): index 383 <= rf.lastIncludedIndex 383
2025/03/03 22:54:54 [server 3] Snapshot(): index 383 <= rf.lastIncludedIndex 383
2025/03/03 22:54:54 [server 4] Snapshot(): index 383 <= rf.lastIncludedIndex 383
2025/03/03 22:54:54 [server 2] Snapshot(): index 383 <= rf.lastIncludedIndex 383
2025/03/03 22:54:54 [server 3] Snapshot(): index 383 <= rf.lastIncludedIndex 383
2025/03/03 22:54:54 [server 4] Snapshot(): index 383 <= rf.lastIncludedIndex 383
2025/03/03 22:55:00 [server 0] Snapshot(): index 849 <= rf.lastIncludedIndex 849
2025/03/03 22:55:00 [server 2] Snapshot(): index 845 <= rf.lastIncludedIndex 845
2025/03/03 22:55:00 [server 4] Snapshot(): index 845 <= rf.lastIncludedIndex 845
2025/03/03 22:55:00 [server 0] Snapshot(): index 849 <= rf.lastIncludedIndex 849
2025/03/03 22:55:00 [server 4] Snapshot(): index 845 <= rf.lastIncludedIndex 845
2025/03/03 22:55:00 [server 2] Snapshot(): index 845 <= rf.lastIncludedIndex 845
2025/03/03 22:55:00 [server 0] Snapshot(): index 849 <= rf.lastIncludedIndex 849
2025/03/03 22:55:00 [server 2] Snapshot(): index 845 <= rf.lastIncludedIndex 845
2025/03/03 22:55:00 [server 4] Snapshot(): index 845 <= rf.lastIncludedIndex 845
2025/03/03 22:55:00 [server 0] Snapshot(): index 849 <= rf.lastIncludedIndex 849
2025/03/03 22:55:00 [server 2] Snapshot(): index 845 <= rf.lastIncludedIndex 845
2025/03/03 22:55:00 [server 4] Snapshot(): index 845 <= rf.lastIncludedIndex 845
2025/03/03 22:55:00 [server 0] Snapshot(): index 849 <= rf.lastIncludedIndex 849
2025/03/03 22:55:00 [server 4] Snapshot(): index 845 <= rf.lastIncludedIndex 845
2025/03/03 22:55:00 [server 2] Snapshot(): index 845 <= rf.lastIncludedIndex 845
2025/03/03 22:55:01 [server 0] Snapshot(): index 849 <= rf.lastIncludedIndex 849
2025/03/03 22:55:01 [server 4] Snapshot(): index 845 <= rf.lastIncludedIndex 845
2025/03/03 22:55:01 [server 2] Snapshot(): index 845 <= rf.lastIncludedIndex 845
2025/03/03 22:55:01 [server 2] Snapshot(): index 845 <= rf.lastIncludedIndex 845
  ... Passed --  20.5  5  5470 1325
--- PASS: TestSnapshotUnreliableRecover4B (20.49s)
=== RUN   TestSnapshotUnreliableRecoverConcurrentPartition4B
Test: unreliable net, restarts, partitions, snapshots, many clients (4B) ...
  ... Passed --  28.0  5  5060 1063
--- PASS: TestSnapshotUnreliableRecoverConcurrentPartition4B (27.99s)
=== RUN   TestSnapshotUnreliableRecoverConcurrentPartitionLinearizable4B
Test: unreliable net, restarts, partitions, snapshots, random keys, many clients (4B) ...
2025/03/03 22:55:40 [server 6] Snapshot(): index 375 <= rf.lastIncludedIndex 375
2025/03/03 22:55:40 [server 3] Snapshot(): index 375 <= rf.lastIncludedIndex 375
2025/03/03 22:55:40 [server 5] Snapshot(): index 375 <= rf.lastIncludedIndex 375
2025/03/03 22:55:40 [server 0] Snapshot(): index 375 <= rf.lastIncludedIndex 375
2025/03/03 22:55:41 [server 0] Snapshot(): index 425 <= rf.lastIncludedIndex 425
2025/03/03 22:55:41 [server 4] Snapshot(): index 425 <= rf.lastIncludedIndex 425
2025/03/03 22:55:41 [server 6] Snapshot(): index 425 <= rf.lastIncludedIndex 425
2025/03/03 22:55:41 [server 0] Snapshot(): index 425 <= rf.lastIncludedIndex 425
2025/03/03 22:55:41 [server 6] Snapshot(): index 425 <= rf.lastIncludedIndex 425
2025/03/03 22:55:41 [server 4] Snapshot(): index 425 <= rf.lastIncludedIndex 425
2025/03/03 22:55:41 [server 0] Snapshot(): index 425 <= rf.lastIncludedIndex 425
2025/03/03 22:55:41 [server 6] Snapshot(): index 425 <= rf.lastIncludedIndex 425
2025/03/03 22:55:41 [server 4] Snapshot(): index 425 <= rf.lastIncludedIndex 425
2025/03/03 22:55:41 [server 0] Snapshot(): index 425 <= rf.lastIncludedIndex 425
2025/03/03 22:55:41 [server 6] Snapshot(): index 425 <= rf.lastIncludedIndex 425
2025/03/03 22:55:41 [server 4] Snapshot(): index 425 <= rf.lastIncludedIndex 425
2025/03/03 22:55:41 [server 0] Snapshot(): index 425 <= rf.lastIncludedIndex 425
2025/03/03 22:55:41 [server 4] Snapshot(): index 425 <= rf.lastIncludedIndex 425
2025/03/03 22:55:41 [server 6] Snapshot(): index 425 <= rf.lastIncludedIndex 425
2025/03/03 22:55:42 [server 0] Snapshot(): index 425 <= rf.lastIncludedIndex 425
2025/03/03 22:55:42 [server 4] Snapshot(): index 425 <= rf.lastIncludedIndex 425
2025/03/03 22:55:42 [server 6] Snapshot(): index 425 <= rf.lastIncludedIndex 425
2025/03/03 22:55:42 [server 1] Snapshot(): index 425 <= rf.lastIncludedIndex 425
2025/03/03 22:55:42 [server 0] Snapshot(): index 425 <= rf.lastIncludedIndex 425
2025/03/03 22:55:42 [server 6] Snapshot(): index 425 <= rf.lastIncludedIndex 425
2025/03/03 22:55:42 [server 4] Snapshot(): index 425 <= rf.lastIncludedIndex 425
2025/03/03 22:55:42 [server 0] Snapshot(): index 425 <= rf.lastIncludedIndex 425
2025/03/03 22:55:42 [server 0] Snapshot(): index 425 <= rf.lastIncludedIndex 425
2025/03/03 22:55:42 [server 0] Snapshot(): index 425 <= rf.lastIncludedIndex 425
2025/03/03 22:55:42 [server 0] Snapshot(): index 425 <= rf.lastIncludedIndex 425
2025/03/03 22:55:42 [server 0] Snapshot(): index 425 <= rf.lastIncludedIndex 425
2025/03/03 22:55:42 [server 0] Snapshot(): index 425 <= rf.lastIncludedIndex 425
2025/03/03 22:55:42 [server 0] Snapshot(): index 425 <= rf.lastIncludedIndex 425
2025/03/03 22:55:42 [server 0] Snapshot(): index 425 <= rf.lastIncludedIndex 425
2025/03/03 22:56:00 [server 6] Snapshot(): index 1408 <= rf.lastIncludedIndex 1408
2025/03/03 22:56:00 [server 5] Snapshot(): index 1408 <= rf.lastIncludedIndex 1408
  ... Passed --  30.0  7 13628 1622
--- PASS: TestSnapshotUnreliableRecoverConcurrentPartitionLinearizable4B (29.98s)
PASS
ok  	6.5840/kvraft	196.420s
