
=== RUN   TestBasic4A
Test: one client (4A) ...
  ... Passed --  15.2  5  3994  478
--- PASS: TestBasic4A (15.16s)
=== RUN   TestSpeed4A
Test: ops complete fast enough (4A) ...
  ... Passed --  31.6  3  5926    0
--- PASS: TestSpeed4A (31.57s)
=== RUN   TestConcurrent4A
Test: many clients (4A) ...
  ... Passed --  15.5  5  8086 1674
--- PASS: TestConcurrent4A (15.53s)
=== RUN   TestUnreliable4A
Test: unreliable net, many clients (4A) ...
  ... Passed --  15.9  5  4189 1200
--- PASS: TestUnreliable4A (15.88s)
=== RUN   TestUnreliableOneKey4A
Test: concurrent append to same key, unreliable (4A) ...
  ... Passed --   1.1  3   183   52
--- PASS: TestUnreliableOneKey4A (1.11s)
=== RUN   TestOnePartition4A
Test: progress in majority (4A) ...
  ... Passed --   0.5  5    95    2
Test: no progress in minority (4A) ...
  ... Passed --   1.1  5   292    3
Test: completion after heal (4A) ...
  ... Passed --   1.0  5   150    3
--- PASS: TestOnePartition4A (2.92s)
=== RUN   TestManyPartitionsOneClient4A
Test: partitions, one client (4A) ...
  ... Passed --  22.6  5  6231  330
--- PASS: TestManyPartitionsOneClient4A (22.61s)
=== RUN   TestManyPartitionsManyClients4A
Test: partitions, many clients (4A) ...
  ... Passed --  23.4  5 10643 1388
--- PASS: TestManyPartitionsManyClients4A (23.37s)
=== RUN   TestPersistOneClient4A
Test: restarts, one client (4A) ...
  ... Passed --  19.4  5  9348  480
--- PASS: TestPersistOneClient4A (19.44s)
=== RUN   TestPersistConcurrent4A
Test: restarts, many clients (4A) ...
  ... Passed --  20.3  5 30670 1701
--- PASS: TestPersistConcurrent4A (20.32s)
=== RUN   TestPersistConcurrentUnreliable4A
Test: unreliable net, restarts, many clients (4A) ...
  ... Passed --  20.9  5  5055 1230
--- PASS: TestPersistConcurrentUnreliable4A (20.85s)
=== RUN   TestPersistPartition4A
Test: restarts, partitions, many clients (4A) ...
  ... Passed --  27.6  5 16563 1197
--- PASS: TestPersistPartition4A (27.56s)
=== RUN   TestPersistPartitionUnreliable4A
Test: unreliable net, restarts, partitions, many clients (4A) ...
  ... Passed --  27.6  5  5101  757
--- PASS: TestPersistPartitionUnreliable4A (27.58s)
=== RUN   TestPersistPartitionUnreliableLinearizable4A
Test: unreliable net, restarts, partitions, random keys, many clients (4A) ...
  ... Passed --  29.8  7 10660 1319
--- PASS: TestPersistPartitionUnreliableLinearizable4A (29.84s)
PASS
ok  	6.5840/kvraft	274.779s
