
=== RUN   TestBasic4A
Test: one client (4A) ...
labgob warning: Decoding into a non-default variable/field Err may not work
  ... Passed --  15.2  5  5349  473
--- PASS: TestBasic4A (15.16s)
=== RUN   TestSpeed4A
Test: ops complete fast enough (4A) ...
  ... Passed --  31.4  3  5808    0
--- PASS: TestSpeed4A (31.42s)
=== RUN   TestConcurrent4A
Test: many clients (4A) ...
  ... Passed --  15.9  5 11547 1617
--- PASS: TestConcurrent4A (15.87s)
=== RUN   TestUnreliable4A
Test: unreliable net, many clients (4A) ...
  ... Passed --  16.3  5  5280 1067
--- PASS: TestUnreliable4A (16.29s)
=== RUN   TestUnreliableOneKey4A
Test: concurrent append to same key, unreliable (4A) ...
  ... Passed --   1.2  3   243   52
--- PASS: TestUnreliableOneKey4A (1.25s)
=== RUN   TestOnePartition4A
Test: progress in majority (4A) ...
  ... Passed --   0.6  5   119    2
Test: no progress in minority (4A) ...
  ... Passed --   1.1  5   292    3
Test: completion after heal (4A) ...
  ... Passed --   1.0  5   149    3
--- PASS: TestOnePartition4A (3.02s)
=== RUN   TestManyPartitionsOneClient4A
Test: partitions, one client (4A) ...
    test_test.go:293: get wrong value, key 0, wanted:
        x 0 0 yx 0 1 yx 0 2 yx 0 3 yx 0 4 yx 0 5 yx 0 6 yx 0 7 yx 0 8 yx 0 9 yx 0 10 yx 0 11 yx 0 12 yx 0 13 yx 0 14 yx 0 15 yx 0 16 yx 0 17 yx 0 18 yx 0 19 yx 0 20 yx 0 21 yx 0 22 yx 0 23 yx 0 24 yx 0 25 y
        , got
        
    test_test.go:126: failure
    test_test.go:144: 0 missing element x 0 0 y in Append result 
--- FAIL: TestManyPartitionsOneClient4A (7.56s)
=== RUN   TestManyPartitionsManyClients4A
Test: partitions, many clients (4A) ...
    test_test.go:293: get wrong value, key 0, wanted:
        x 0 0 yx 0 1 yx 0 2 yx 0 3 yx 0 4 yx 0 5 yx 0 6 yx 0 7 yx 0 8 yx 0 9 yx 0 10 yx 0 11 yx 0 12 yx 0 13 yx 0 14 yx 0 15 yx 0 16 yx 0 17 yx 0 18 yx 0 19 yx 0 20 yx 0 21 yx 0 22 yx 0 23 yx 0 24 yx 0 25 yx 0 26 yx 0 27 yx 0 28 yx 0 29 y
        , got
        
    test_test.go:293: get wrong value, key 4, wanted:
        x 4 0 yx 4 1 yx 4 2 yx 4 3 yx 4 4 yx 4 5 yx 4 6 yx 4 7 yx 4 8 yx 4 9 yx 4 10 yx 4 11 yx 4 12 yx 4 13 yx 4 14 yx 4 15 yx 4 16 yx 4 17 yx 4 18 yx 4 19 yx 4 20 yx 4 21 yx 4 22 yx 4 23 yx 4 24 yx 4 25 yx 4 26 yx 4 27 yx 4 28 yx 4 29 yx 4 30 yx 4 31 yx 4 32 yx 4 33 y
        , got
        
    test_test.go:293: get wrong value, key 3, wanted:
        x 3 0 yx 3 1 yx 3 2 yx 3 3 yx 3 4 yx 3 5 yx 3 6 yx 3 7 yx 3 8 yx 3 9 yx 3 10 yx 3 11 yx 3 12 yx 3 13 yx 3 14 yx 3 15 yx 3 16 yx 3 17 yx 3 18 yx 3 19 yx 3 20 yx 3 21 y
        , got
        x 3 20 yx 3 21 y
    test_test.go:293: get wrong value, key 2, wanted:
        x 2 0 yx 2 1 yx 2 2 yx 2 3 yx 2 4 yx 2 5 yx 2 6 yx 2 7 yx 2 8 yx 2 9 yx 2 10 yx 2 11 yx 2 12 yx 2 13 yx 2 14 yx 2 15 yx 2 16 yx 2 17 yx 2 18 yx 2 19 yx 2 20 yx 2 21 yx 2 22 yx 2 23 yx 2 24 yx 2 25 yx 2 26 y
        , got
        x 2 25 yx 2 26 y
    test_test.go:293: get wrong value, key 1, wanted:
        x 1 0 yx 1 1 yx 1 2 yx 1 3 yx 1 4 yx 1 5 yx 1 6 yx 1 7 yx 1 8 yx 1 9 yx 1 10 yx 1 11 yx 1 12 yx 1 13 yx 1 14 yx 1 15 yx 1 16 yx 1 17 yx 1 18 yx 1 19 yx 1 20 yx 1 21 yx 1 22 yx 1 23 yx 1 24 yx 1 25 yx 1 26 yx 1 27 yx 1 28 yx 1 29 y
        , got
        x 1 27 yx 1 28 yx 1 29 y
    test_test.go:126: failure
    test_test.go:144: 0 missing element x 0 0 y in Append result 
--- FAIL: TestManyPartitionsManyClients4A (7.61s)
=== RUN   TestPersistOneClient4A
Test: restarts, one client (4A) ...
    test_test.go:144: 0 missing element x 0 0 y in Append result x 0 77 y
--- FAIL: TestPersistOneClient4A (6.47s)
=== RUN   TestPersistConcurrent4A
Test: restarts, many clients (4A) ...
    test_test.go:293: get wrong value, key 2, wanted:
        x 2 0 yx 2 1 yx 2 2 yx 2 3 yx 2 4 yx 2 5 yx 2 6 yx 2 7 yx 2 8 yx 2 9 yx 2 10 yx 2 11 yx 2 12 yx 2 13 yx 2 14 yx 2 15 yx 2 16 yx 2 17 yx 2 18 yx 2 19 yx 2 20 yx 2 21 yx 2 22 yx 2 23 yx 2 24 yx 2 25 yx 2 26 yx 2 27 yx 2 28 yx 2 29 yx 2 30 yx 2 31 yx 2 32 yx 2 33 yx 2 34 yx 2 35 yx 2 36 yx 2 37 yx 2 38 yx 2 39 yx 2 40 yx 2 41 yx 2 42 yx 2 43 yx 2 44 yx 2 45 yx 2 46 yx 2 47 yx 2 48 yx 2 49 yx 2 50 yx 2 51 yx 2 52 yx 2 53 yx 2 54 yx 2 55 yx 2 56 yx 2 57 yx 2 58 yx 2 59 yx 2 60 yx 2 61 yx 2 62 yx 2 63 yx 2 64 yx 2 65 yx 2 66 y
        , got
        
    test_test.go:293: get wrong value, key 4, wanted:
        x 4 0 yx 4 1 yx 4 2 yx 4 3 yx 4 4 yx 4 5 yx 4 6 yx 4 7 yx 4 8 yx 4 9 yx 4 10 yx 4 11 yx 4 12 yx 4 13 yx 4 14 yx 4 15 yx 4 16 yx 4 17 yx 4 18 yx 4 19 yx 4 20 yx 4 21 yx 4 22 yx 4 23 yx 4 24 yx 4 25 yx 4 26 yx 4 27 yx 4 28 yx 4 29 yx 4 30 yx 4 31 yx 4 32 yx 4 33 yx 4 34 yx 4 35 yx 4 36 yx 4 37 yx 4 38 yx 4 39 yx 4 40 yx 4 41 yx 4 42 yx 4 43 yx 4 44 yx 4 45 yx 4 46 yx 4 47 yx 4 48 yx 4 49 yx 4 50 yx 4 51 yx 4 52 yx 4 53 yx 4 54 yx 4 55 yx 4 56 yx 4 57 yx 4 58 yx 4 59 yx 4 60 yx 4 61 yx 4 62 yx 4 63 yx 4 64 yx 4 65 yx 4 66 yx 4 67 yx 4 68 yx 4 69 yx 4 70 yx 4 71 yx 4 72 yx 4 73 yx 4 74 yx 4 75 yx 4 76 yx 4 77 yx 4 78 yx 4 79 y
        , got
        
    test_test.go:144: 0 missing element x 0 0 y in Append result x 0 74 y
--- FAIL: TestPersistConcurrent4A (6.52s)
=== RUN   TestPersistConcurrentUnreliable4A
Test: unreliable net, restarts, many clients (4A) ...
    test_test.go:293: get wrong value, key 1, wanted:
        x 1 0 yx 1 1 yx 1 2 yx 1 3 yx 1 4 yx 1 5 yx 1 6 yx 1 7 yx 1 8 yx 1 9 yx 1 10 yx 1 11 yx 1 12 yx 1 13 yx 1 14 yx 1 15 yx 1 16 yx 1 17 yx 1 18 yx 1 19 yx 1 20 yx 1 21 yx 1 22 yx 1 23 yx 1 24 yx 1 25 yx 1 26 yx 1 27 yx 1 28 yx 1 29 yx 1 30 yx 1 31 yx 1 32 yx 1 33 yx 1 34 yx 1 35 yx 1 36 yx 1 37 yx 1 38 y
        , got
        
    test_test.go:293: get wrong value, key 0, wanted:
        x 0 0 yx 0 1 yx 0 2 yx 0 3 yx 0 4 yx 0 5 yx 0 6 yx 0 7 yx 0 8 yx 0 9 yx 0 10 yx 0 11 yx 0 12 yx 0 13 yx 0 14 yx 0 15 yx 0 16 yx 0 17 yx 0 18 yx 0 19 yx 0 20 yx 0 21 yx 0 22 yx 0 23 yx 0 24 yx 0 25 yx 0 26 yx 0 27 yx 0 28 yx 0 29 yx 0 30 yx 0 31 yx 0 32 yx 0 33 yx 0 34 yx 0 35 y
        , got
        
    test_test.go:126: failure
    test_test.go:293: get wrong value, key 4, wanted:
        x 4 0 yx 4 1 yx 4 2 yx 4 3 yx 4 4 yx 4 5 yx 4 6 yx 4 7 yx 4 8 yx 4 9 yx 4 10 yx 4 11 yx 4 12 yx 4 13 yx 4 14 yx 4 15 yx 4 16 yx 4 17 yx 4 18 yx 4 19 yx 4 20 yx 4 21 yx 4 22 yx 4 23 yx 4 24 yx 4 25 y
        , got
        
    test_test.go:293: get wrong value, key 3, wanted:
        x 3 0 yx 3 1 yx 3 2 yx 3 3 yx 3 4 yx 3 5 yx 3 6 yx 3 7 yx 3 8 yx 3 9 yx 3 10 yx 3 11 yx 3 12 yx 3 13 yx 3 14 yx 3 15 yx 3 16 yx 3 17 yx 3 18 yx 3 19 yx 3 20 yx 3 21 yx 3 22 yx 3 23 yx 3 24 yx 3 25 yx 3 26 yx 3 27 yx 3 28 yx 3 29 yx 3 30 y
        , got
        
    test_test.go:144: 0 missing element x 0 0 y in Append result 
--- FAIL: TestPersistConcurrentUnreliable4A (6.53s)
=== RUN   TestPersistPartition4A
Test: restarts, partitions, many clients (4A) ...
    test_test.go:293: get wrong value, key 2, wanted:
        x 2 0 yx 2 1 yx 2 2 yx 2 3 yx 2 4 yx 2 5 yx 2 6 yx 2 7 yx 2 8 yx 2 9 yx 2 10 yx 2 11 yx 2 12 yx 2 13 yx 2 14 yx 2 15 yx 2 16 yx 2 17 yx 2 18 yx 2 19 yx 2 20 yx 2 21 yx 2 22 yx 2 23 yx 2 24 yx 2 25 yx 2 26 yx 2 27 yx 2 28 yx 2 29 y
        , got
        
    test_test.go:293: get wrong value, key 4, wanted:
        x 4 0 yx 4 1 yx 4 2 yx 4 3 yx 4 4 yx 4 5 yx 4 6 yx 4 7 yx 4 8 yx 4 9 yx 4 10 yx 4 11 yx 4 12 yx 4 13 yx 4 14 yx 4 15 yx 4 16 yx 4 17 yx 4 18 yx 4 19 yx 4 20 yx 4 21 yx 4 22 yx 4 23 yx 4 24 yx 4 25 yx 4 26 y
        , got
        
    test_test.go:293: get wrong value, key 0, wanted:
        x 0 0 yx 0 1 yx 0 2 yx 0 3 yx 0 4 yx 0 5 yx 0 6 yx 0 7 yx 0 8 yx 0 9 yx 0 10 yx 0 11 yx 0 12 yx 0 13 yx 0 14 yx 0 15 yx 0 16 yx 0 17 yx 0 18 yx 0 19 yx 0 20 yx 0 21 yx 0 22 yx 0 23 yx 0 24 yx 0 25 yx 0 26 yx 0 27 yx 0 28 yx 0 29 yx 0 30 y
        , got
        x 0 29 yx 0 30 y
    test_test.go:293: get wrong value, key 1, wanted:
        x 1 0 yx 1 1 yx 1 2 yx 1 3 yx 1 4 yx 1 5 yx 1 6 yx 1 7 yx 1 8 yx 1 9 yx 1 10 yx 1 11 yx 1 12 yx 1 13 yx 1 14 yx 1 15 yx 1 16 yx 1 17 yx 1 18 yx 1 19 yx 1 20 yx 1 21 yx 1 22 yx 1 23 yx 1 24 yx 1 25 yx 1 26 y
        , got
        x 1 25 yx 1 26 y
    test_test.go:293: get wrong value, key 3, wanted:
        x 3 0 yx 3 1 yx 3 2 yx 3 3 yx 3 4 yx 3 5 yx 3 6 yx 3 7 yx 3 8 yx 3 9 yx 3 10 yx 3 11 yx 3 12 yx 3 13 yx 3 14 yx 3 15 yx 3 16 yx 3 17 yx 3 18 yx 3 19 yx 3 20 yx 3 21 yx 3 22 yx 3 23 yx 3 24 yx 3 25 yx 3 26 yx 3 27 yx 3 28 y
        , got
        x 3 28 y
    test_test.go:126: failure
    test_test.go:144: 0 missing element x 0 0 y in Append result 
--- FAIL: TestPersistPartition4A (8.88s)
=== RUN   TestPersistPartitionUnreliable4A
Test: unreliable net, restarts, partitions, many clients (4A) ...
    test_test.go:293: get wrong value, key 2, wanted:
        x 2 0 yx 2 1 yx 2 2 yx 2 3 yx 2 4 yx 2 5 yx 2 6 y
        , got
        
    test_test.go:293: get wrong value, key 3, wanted:
        x 3 0 yx 3 1 yx 3 2 yx 3 3 yx 3 4 y
        , got
        
    test_test.go:293: get wrong value, key 0, wanted:
        x 0 0 yx 0 1 yx 0 2 yx 0 3 yx 0 4 y
        , got
        x 0 3 yx 0 4 y
    test_test.go:293: get wrong value, key 1, wanted:
        x 1 0 yx 1 1 yx 1 2 yx 1 3 yx 1 4 yx 1 5 yx 1 6 yx 1 7 y
        , got
        x 1 6 yx 1 7 y
    test_test.go:293: get wrong value, key 4, wanted:
        x 4 0 yx 4 1 yx 4 2 yx 4 3 yx 4 4 yx 4 5 yx 4 6 yx 4 7 yx 4 8 yx 4 9 y
        , got
        x 4 7 yx 4 8 yx 4 9 y
    test_test.go:126: failure
    test_test.go:144: 0 missing element x 0 0 y in Append result 
--- FAIL: TestPersistPartitionUnreliable4A (9.05s)
=== RUN   TestPersistPartitionUnreliableLinearizable4A
Test: unreliable net, restarts, partitions, random keys, many clients (4A) ...
info: wrote history visualization to /tmp/431081110.html
    test_test.go:382: history is not linearizable
--- FAIL: TestPersistPartitionUnreliableLinearizable4A (32.62s)
FAIL
exit status 1
FAIL	6.5840/kvraft	168.278s
